// Jest Snapshot v1, https://goo.gl/fbAQLP

exports[`matches snapshot 1`] = `
<div>
  <h1>
     Posts 
  </h1>
  <br />
  <h3>
     Click the below button to get all posts 
  </h3>
  <input
    onClick={[Function]}
    type="submit"
    value="GET POSTS"
  />
</div>
`;
